// Jest Snapshot v1, https://goo.gl/fbAQLP

exports[`DatabaseStackSnapshot 1`] = `
Object {
  "Parameters": Object {
    "BootstrapVersion": Object {
      "Default": "/cdk-bootstrap/hnb659fds/version",
      "Description": "Version of the CDK Bootstrap resources in this environment, automatically retrieved from SSM Parameter Store. [cdk:skip]",
      "Type": "AWS::SSM::Parameter::Value<String>",
    },
  },
  "Resources": Object {
    "DbClusterParameterGroup": Object {
      "Properties": Object {
        "Description": "Cluster Parameter Group for RDS",
        "Family": "aurora-mysql5.7",
        "Parameters": Object {
          "character_set_server": "utf8mb4",
          "collation_server": "utf8mb4_unicode_ci",
          "long_query_time": 1,
          "server_audit_logging": 1,
          "slow_query_log": 1,
          "time_zone": "Asia/Tokyo",
        },
      },
      "Type": "AWS::RDS::DBClusterParameterGroup",
    },
    "ParameterGroupRds": Object {
      "Properties": Object {
        "Description": "Parameter Group for RDS",
        "Family": "aurora-mysql5.7",
      },
      "Type": "AWS::RDS::DBParameterGroup",
    },
    "RdsDbCluster": Object {
      "Properties": Object {
        "BackupRetentionPeriod": 35,
        "DBClusterIdentifier": "service-test-rds-cluster",
        "DBClusterParameterGroupName": Object {
          "Ref": "DbClusterParameterGroup",
        },
        "DBSubnetGroupName": Object {
          "Ref": "SubnetGroupRds",
        },
        "DatabaseName": "planning-poker",
        "EnableCloudwatchLogsExports": Array [
          "general",
          "error",
          "slowquery",
          "audit",
        ],
        "Engine": "aurora-mysql",
        "EngineMode": "provisioned",
        "EngineVersion": "5.7.mysql_aurora.2.10.0",
        "MasterUserPassword": Object {
          "Fn::Join": Array [
            "",
            Array [
              "{{resolve:secretsmanager:",
              Object {
                "Fn::ImportValue": "SecretsManagerStack:ExportsOutputRefSecretRdsClusterF5EFE255",
              },
              ":SecretString:MasterUserPassword}}",
            ],
          ],
        },
        "MasterUsername": Object {
          "Fn::Join": Array [
            "",
            Array [
              "{{resolve:secretsmanager:",
              Object {
                "Fn::ImportValue": "SecretsManagerStack:ExportsOutputRefSecretRdsClusterF5EFE255",
              },
              ":SecretString:MasterUsername}}",
            ],
          ],
        },
        "Port": 3306,
        "PreferredBackupWindow": "18:00-19:00",
        "PreferredMaintenanceWindow": "Mon:19:00-Mon:20:00",
        "StorageEncrypted": true,
        "Tags": Array [
          Object {
            "Key": "Name",
            "Value": "service-test-rds-cluster",
          },
        ],
        "VpcSecurityGroupIds": Array [
          Object {
            "Fn::ImportValue": "SecurityGroupStack:ExportsOutputFnGetAttSecurityGroupRdsGroupIdFE781ECB",
          },
        ],
      },
      "Type": "AWS::RDS::DBCluster",
    },
    "RdsDbInstance1a": Object {
      "Properties": Object {
        "AutoMinorVersionUpgrade": false,
        "AvailabilityZone": "ap-northeast-1a",
        "DBClusterIdentifier": Object {
          "Ref": "RdsDbCluster",
        },
        "DBInstanceClass": "db.r5.large",
        "DBInstanceIdentifier": "service-test-rds-instance-1a",
        "DBParameterGroupName": Object {
          "Ref": "ParameterGroupRds",
        },
        "DBSubnetGroupName": Object {
          "Ref": "SubnetGroupRds",
        },
        "EnablePerformanceInsights": true,
        "Engine": "aurora-mysql",
        "MonitoringInterval": 60,
        "PerformanceInsightsRetentionPeriod": 7,
        "PreferredMaintenanceWindow": "Mon:19:00-Mon:19:30",
        "PubliclyAccessible": false,
        "Tags": Array [
          Object {
            "Key": "Name",
            "Value": "service-test-rds-instance-1a",
          },
        ],
      },
      "Type": "AWS::RDS::DBInstance",
    },
    "RdsDbInstance1c": Object {
      "Properties": Object {
        "AutoMinorVersionUpgrade": false,
        "AvailabilityZone": "ap-northeast-1c",
        "DBClusterIdentifier": Object {
          "Ref": "RdsDbCluster",
        },
        "DBInstanceClass": "db.r5.large",
        "DBInstanceIdentifier": "service-test-rds-instance-1c",
        "DBParameterGroupName": Object {
          "Ref": "ParameterGroupRds",
        },
        "DBSubnetGroupName": Object {
          "Ref": "SubnetGroupRds",
        },
        "EnablePerformanceInsights": true,
        "Engine": "aurora-mysql",
        "MonitoringInterval": 60,
        "PerformanceInsightsRetentionPeriod": 7,
        "PreferredMaintenanceWindow": "Mon:19:30-Mon:20:00",
        "PubliclyAccessible": false,
        "Tags": Array [
          Object {
            "Key": "Name",
            "Value": "service-test-rds-instance-1c",
          },
        ],
      },
      "Type": "AWS::RDS::DBInstance",
    },
    "SubnetGroupRds": Object {
      "Properties": Object {
        "DBSubnetGroupDescription": "Subnet Group for RDS",
        "DBSubnetGroupName": "service-test-subnet-group-rds",
        "SubnetIds": Array [
          Object {
            "Fn::ImportValue": "NetworkStack:ExportsOutputRefSubnetPrivate1aAFF32B55",
          },
          Object {
            "Fn::ImportValue": "NetworkStack:ExportsOutputRefSubnetPrivate1c235F4ED4",
          },
        ],
        "Tags": Array [
          Object {
            "Key": "Name",
            "Value": "service-test-subnet-group-rds",
          },
        ],
      },
      "Type": "AWS::RDS::DBSubnetGroup",
    },
  },
  "Rules": Object {
    "CheckBootstrapVersion": Object {
      "Assertions": Array [
        Object {
          "Assert": Object {
            "Fn::Not": Array [
              Object {
                "Fn::Contains": Array [
                  Array [
                    "1",
                    "2",
                    "3",
                    "4",
                    "5",
                  ],
                  Object {
                    "Ref": "BootstrapVersion",
                  },
                ],
              },
            ],
          },
          "AssertDescription": "CDK bootstrap stack version 6 required. Please run 'cdk bootstrap' with a recent version of the CDK CLI.",
        },
      ],
    },
  },
}
`;
