// Jest Snapshot v1, https://goo.gl/fbAQLP

exports[`IamStackSnapshot 1`] = `
Object {
  "Parameters": Object {
    "BootstrapVersion": Object {
      "Default": "/cdk-bootstrap/hnb659fds/version",
      "Description": "Version of the CDK Bootstrap resources in this environment, automatically retrieved from SSM Parameter Store. [cdk:skip]",
      "Type": "AWS::SSM::Parameter::Value<String>",
    },
  },
  "Resources": Object {
    "EcsServiceAutoScalingRole5DEB7109": Object {
      "Properties": Object {
        "AssumeRolePolicyDocument": Object {
          "Statement": Array [
            Object {
              "Action": "sts:AssumeRole",
              "Effect": "Allow",
              "Principal": Object {
                "Service": "application-autoscaling.amazonaws.com",
              },
            },
          ],
          "Version": "2012-10-17",
        },
        "RoleName": "service-test-ecs-service-auto-scaling-role",
      },
      "Type": "AWS::IAM::Role",
    },
    "EcsServiceAutoScalingRolePolicy": Object {
      "Properties": Object {
        "PolicyDocument": Array [
          Object {
            "actions": Array [
              "application-autoscaling:*",
              "cloudwatch:DescribeAlarms",
              "cloudwatch:PutMetricAlarm",
              "ecs:DescribeServices",
              "ecs:UpdateService",
            ],
            "effect": "Allow",
            "resources": Array [
              "*",
            ],
          },
        ],
        "PolicyName": "service-test-ecs-service-auto-scaling-role-policy",
      },
      "Type": "AWS::IAM::Policy",
    },
    "EcsTaskExecutionRoleC0B6A84D": Object {
      "Properties": Object {
        "AssumeRolePolicyDocument": Object {
          "Statement": Array [
            Object {
              "Action": "sts:AssumeRole",
              "Effect": "Allow",
              "Principal": Object {
                "Service": "ecs-tasks.amazonaws.com",
              },
            },
          ],
          "Version": "2012-10-17",
        },
        "ManagedPolicyArns": Array [
          Object {
            "Fn::Join": Array [
              "",
              Array [
                "arn:",
                Object {
                  "Ref": "AWS::Partition",
                },
                ":iam::aws:policy/service-role/AmazonECSTaskExecutionRolePolicy",
              ],
            ],
          },
          Object {
            "Fn::Join": Array [
              "",
              Array [
                "arn:",
                Object {
                  "Ref": "AWS::Partition",
                },
                ":iam::aws:policy/CloudWatchAgentServerPolicy",
              ],
            ],
          },
          Object {
            "Fn::Join": Array [
              "",
              Array [
                "arn:",
                Object {
                  "Ref": "AWS::Partition",
                },
                ":iam::aws:policy/AmazonSSMReadOnlyAccess",
              ],
            ],
          },
        ],
        "RoleName": "service-test-ecs-task-execution-role",
      },
      "Type": "AWS::IAM::Role",
    },
    "EcsTaskRole8DFA0181": Object {
      "Properties": Object {
        "AssumeRolePolicyDocument": Object {
          "Statement": Array [
            Object {
              "Action": "sts:AssumeRole",
              "Effect": "Allow",
              "Principal": Object {
                "Service": "ecs-tasks.amazonaws.com",
              },
            },
            Object {
              "Action": "sts:AssumeRole",
              "Effect": "Allow",
              "Principal": Object {
                "Service": "events.amazonaws.com",
              },
            },
          ],
          "Version": "2012-10-17",
        },
        "ManagedPolicyArns": Array [
          Object {
            "Fn::Join": Array [
              "",
              Array [
                "arn:",
                Object {
                  "Ref": "AWS::Partition",
                },
                ":iam::aws:policy/service-role/AmazonEC2ContainerServiceEventsRole",
              ],
            ],
          },
        ],
        "RoleName": "service-test-ecs-task-role",
      },
      "Type": "AWS::IAM::Role",
    },
    "EcsTaskRolePolicy": Object {
      "Properties": Object {
        "PolicyDocument": Array [
          Object {
            "actions": Array [
              "s3:List*",
              "s3:Get*",
              "s3:Put*",
              "s3:DeleteObject",
            ],
            "effect": "Allow",
            "resources": Array [
              "*",
            ],
          },
          Object {
            "actions": Array [
              "sqs:DeleteMessage",
              "sqs:GetQueueUrl",
              "sqs:ChangeMessageVisibility",
              "sqs:SendMessageBatch",
              "sqs:ReceiveMessage",
              "sqs:SendMessage",
              "sqs:GetQueueAttributes",
              "sqs:ListQueueTags",
              "sqs:ListDeadLetterSourceQueues",
              "sqs:DeleteMessageBatch",
              "sqs:PurgeQueue",
              "sqs:DeleteQueue",
              "sqs:CreateQueue",
              "sqs:ChangeMessageVisibilityBatch",
              "sqs:SetQueueAttributes",
            ],
            "effect": "Allow",
            "resources": Array [
              "*",
            ],
          },
        ],
        "PolicyName": "service-test-ecs-task-role-policy",
      },
      "Type": "AWS::IAM::Policy",
    },
  },
  "Rules": Object {
    "CheckBootstrapVersion": Object {
      "Assertions": Array [
        Object {
          "Assert": Object {
            "Fn::Not": Array [
              Object {
                "Fn::Contains": Array [
                  Array [
                    "1",
                    "2",
                    "3",
                    "4",
                    "5",
                  ],
                  Object {
                    "Ref": "BootstrapVersion",
                  },
                ],
              },
            ],
          },
          "AssertDescription": "CDK bootstrap stack version 6 required. Please run 'cdk bootstrap' with a recent version of the CDK CLI.",
        },
      ],
    },
  },
}
`;
