// Jest Snapshot v1, https://goo.gl/fbAQLP

exports[`ServerStackSnapshot 1`] = `
Object {
  "Parameters": Object {
    "BootstrapVersion": Object {
      "Default": "/cdk-bootstrap/hnb659fds/version",
      "Description": "Version of the CDK Bootstrap resources in this environment, automatically retrieved from SSM Parameter Store. [cdk:skip]",
      "Type": "AWS::SSM::Parameter::Value<String>",
    },
  },
  "Resources": Object {
    "Alb": Object {
      "Properties": Object {
        "IpAddressType": "ipv4",
        "Name": "service-test-alb",
        "Scheme": "internet-facing",
        "SecurityGroups": Array [
          Object {
            "Fn::ImportValue": "SecurityGroupStack:ExportsOutputFnGetAttSecurityGroupEc2GroupId103D9309",
          },
        ],
        "Subnets": Array [
          Object {
            "Fn::ImportValue": "NetworkStack:ExportsOutputRefSubnetPrivate1aAFF32B55",
          },
        ],
        "Type": "application",
      },
      "Type": "AWS::ElasticLoadBalancingV2::LoadBalancer",
    },
    "AlbListener": Object {
      "Properties": Object {
        "DefaultActions": Array [
          Object {
            "ForwardConfig": Object {
              "TargetGroups": Array [
                Object {
                  "TargetGroupArn": Object {
                    "Ref": "AlbTargetGroup",
                  },
                  "Weight": 1,
                },
              ],
            },
            "Type": "forward",
          },
        ],
        "LoadBalancerArn": Object {
          "Ref": "Alb",
        },
        "Port": 80,
        "Protocol": "HTTP",
      },
      "Type": "AWS::ElasticLoadBalancingV2::Listener",
    },
    "AlbTargetGroup": Object {
      "Properties": Object {
        "Name": "service-test-tg",
        "Port": 80,
        "Protocol": "HTTP",
        "TargetType": "instance",
        "Targets": Array [
          Object {
            "Id": Object {
              "Fn::ImportValue": "ServerStack:ExportsOutputRefEc2Instance1aAF71BD6F",
            },
          },
        ],
        "VpcId": Object {
          "Fn::ImportValue": "NetworkStack:ExportsOutputRefVpc8378EB38272D6E3A",
        },
      },
      "Type": "AWS::ElasticLoadBalancingV2::TargetGroup",
    },
  },
  "Rules": Object {
    "CheckBootstrapVersion": Object {
      "Assertions": Array [
        Object {
          "Assert": Object {
            "Fn::Not": Array [
              Object {
                "Fn::Contains": Array [
                  Array [
                    "1",
                    "2",
                    "3",
                    "4",
                    "5",
                  ],
                  Object {
                    "Ref": "BootstrapVersion",
                  },
                ],
              },
            ],
          },
          "AssertDescription": "CDK bootstrap stack version 6 required. Please run 'cdk bootstrap' with a recent version of the CDK CLI.",
        },
      ],
    },
  },
}
`;
